../Core/Src/stm32f4xx_it.c:15:6:NMI_Handler	4	static
../Core/Src/stm32f4xx_it.c:22:6:HardFault_Handler	4	static
../Core/Src/stm32f4xx_it.c:30:6:MemManage_Handler	4	static
../Core/Src/stm32f4xx_it.c:38:6:BusFault_Handler	4	static
../Core/Src/stm32f4xx_it.c:48:6:UsageFault_Handler	4	static
../Core/Src/stm32f4xx_it.c:55:6:DebugMon_Handler	4	static
../Core/Src/stm32f4xx_it.c:66:6:DMA1_Stream5_IRQHandler	8	static
../Core/Src/stm32f4xx_it.c:72:6:DMA1_Stream6_IRQHandler	8	static
../Core/Src/stm32f4xx_it.c:82:6:TIM4_IRQHandler	8	static
../Core/Src/stm32f4xx_it.c:87:6:USART1_IRQHandler	8	static
../Core/Src/stm32f4xx_it.c:92:6:USART2_IRQHandler	8	static
../Core/Src/stm32f4xx_it.c:97:6:DMA2_Stream2_IRQHandler	8	static
../Core/Src/stm32f4xx_it.c:102:6:DMA2_Stream7_IRQHandler	8	static
../Core/Src/stm32f4xx_it.c:113:6:EXTI15_10_IRQHandler	8	static
../Core/Src/stm32f4xx_it.c:121:6:EXTI0_IRQHandler	8	static
../Core/Src/stm32f4xx_it.c:127:6:I2C1_EV_IRQHandler	8	static
../Core/Src/stm32f4xx_it.c:132:6:I2C1_ER_IRQHandler	8	static
